2025-09-26 22:33:33 [ERROR]: [ERROR] 
Invalid `prisma.users.create()` invocation:

{
  data: {
    id: undefined,
    fullname: {
      fullname: "staff 1"
    },
    ~~~~~~~~~~~~~~~~~~~~~
    email: {
      email: "staff1@example.com"
    },
    password: {},
    role: {
      role: 2
    },
    status: {
      status: 1
    },
    contacts: undefined
  },
  select: {
    id: true,
    fullname: true,
    email: true,
    role: true,
    status: true,
    contacts: true,
    testimonials: true,
    orders: true
  }
}

Argument `fullname`: Invalid value provided. Expected String, provided Object.
2025-09-26 22:36:51 [ERROR]: [ERROR] 
Invalid `prisma.users.create()` invocation:

{
  data: {
    id: undefined,
    fullname: "staff 1",
    email: "staff1@example.com",
    password: {},
              ~~
    role: 2,
    status: 1,
    contacts: undefined
  },
  select: {
    id: true,
    fullname: true,
    email: true,
    role: true,
    status: true,
    contacts: true,
    testimonials: true,
    orders: true
  }
}

Argument `password`: Invalid value provided. Expected String, provided Object.
2025-09-26 22:39:33 [ERROR]: [ERROR] 
Invalid `prisma.users.create()` invocation:

{
  data: {
    id: undefined,
    fullname: "staff 1",
    email: "staff1@example.com",
    password: {},
              ~~
    role: 2,
    status: 1,
    contacts: undefined
  },
  select: {
    id: true,
    fullname: true,
    email: true,
    role: true,
    status: true,
    contacts: true,
    testimonials: true,
    orders: true
  }
}

Argument `password`: Invalid value provided. Expected String, provided Object.
2025-09-26 22:40:21 [ERROR]: [ERROR] 
Invalid `prisma.users.create()` invocation:

{
  data: {
    id: undefined,
    fullname: "staff 1",
    email: "staff1@example.com",
    password: {},
              ~~
    role: 2,
    status: 1,
    contacts: undefined
  },
  select: {
    id: true,
    fullname: true,
    email: true,
    paassword: true,
    role: true,
    status: true,
    contacts: true,
    testimonials: true,
    orders: true
  }
}

Argument `password`: Invalid value provided. Expected String, provided Object.
2025-09-26 22:40:44 [ERROR]: [ERROR] 
Invalid `prisma.users.create()` invocation:

{
  data: {
    id: undefined,
    fullname: "staff 1",
    email: "staff1@example.com",
    password: {},
              ~~
    role: 2,
    status: 1,
    contacts: undefined
  },
  select: {
    id: true,
    fullname: true,
    email: true,
    role: true,
    status: true,
    contacts: true,
    testimonials: true,
    orders: true
  }
}

Argument `password`: Invalid value provided. Expected String, provided Object.
2025-09-26 23:07:38 [ERROR]: Attachment Factory: {"fileName":{"filename":"typescript.png"},"fileType":{"filetype":"image/png"},"filePath":{"filepath":"/home/hadi-rachmat-s/Documents/Project/finework/app-finework-backend/uploads/1758902858421-183503041-typescript.png"},"fileSize":{"filesize":186561},"attachmentAbleId":{"attachmentAbleId":12},"attachmentAbleType":{"attachmentAbleType":"user"}}
2025-09-26 23:07:38 [ERROR]: [ERROR] 
Invalid `prisma.attachment.create()` invocation:

{
  data: {
    id: undefined,
    fileName: {
      filename: "typescript.png"
    },
    ~~~~~~~~~~~~~~~~~~~~~~~~~~~~
    fileType: {
      filetype: "image/png"
    },
    filePath: {
      filepath: "/home/hadi-rachmat-s/Documents/Project/finework/app-finework-backend/uploads/1758902858421-183503041-typescript.png"
    },
    fileSize: {
      filesize: 186561
    },
    attachmentAbleId: {
      attachmentAbleId: 12
    },
    attachmentAbleType: {
      attachmentAbleType: "user"
    }
  },
  select: {
    id: true,
    fileName: true,
    fileType: true,
    filePath: true,
    fileSize: true,
    attachmentAbleId: true,
    attachmentAbleType: true
  }
}

Argument `fileName`: Invalid value provided. Expected String, provided Object.
2025-09-26 23:08:28 [ERROR]: Attachment Factory: {"fileName":"typescript.png","fileType":"image/png","filePath":"/home/hadi-rachmat-s/Documents/Project/finework/app-finework-backend/uploads/1758902908144-564327730-typescript.png","fileSize":186561,"attachmentAbleId":13,"attachmentAbleType":"user"}
2025-09-27 00:12:03 [ERROR]: [ERROR] 
Invalid `prisma.users.findUnique()` invocation:

{
  where: {
    id: "1"
        ~~~
  },
  select: {
    id: true,
    fullname: true,
    email: true,
    role: true,
    status: true,
    contacts: true,
    testimonials: true,
    orders: true
  }
}

Argument `id`: Invalid value provided. Expected Int, provided String.
2025-09-30 09:09:17 [ERROR]: [ERROR] 
Invalid `prisma.attachment.create()` invocation:

{
  data: {
+   fileName: String
  },
  select: {
    id: true,
    fileName: true,
    fileType: true,
    filePath: true,
    fileSize: true,
    attachmentAbleId: true,
    attachmentAbleType: true
  }
}

Argument `fileName` is missing.
2025-09-30 09:09:18 [ERROR]: [ERROR] 
Invalid `prisma.attachment.create()` invocation:

{
  data: {
+   fileName: String
  },
  select: {
    id: true,
    fileName: true,
    fileType: true,
    filePath: true,
    fileSize: true,
    attachmentAbleId: true,
    attachmentAbleType: true
  }
}

Argument `fileName` is missing.
2025-09-30 09:10:38 [ERROR]: [ERROR] 
Invalid `prisma.attachment.create()` invocation:

{
  data: {
+   fileName: String
  },
  select: {
    id: true,
    fileName: true,
    fileType: true,
    filePath: true,
    fileSize: true,
    attachmentAbleId: true,
    attachmentAbleType: true
  }
}

Argument `fileName` is missing.
2025-09-30 09:12:41 [ERROR]: [ERROR] 
Invalid `prisma.attachment.create()` invocation:

{
  data: {
+   fileName: String
  },
  select: {
    id: true,
    fileName: true,
    fileType: true,
    filePath: true,
    fileSize: true,
    attachmentAbleId: true,
    attachmentAbleType: true
  }
}

Argument `fileName` is missing.
2025-09-30 09:14:58 [ERROR]: [ERROR] 
Invalid `prisma.attachment.create()` invocation:

{
  data: {
    attachmentRequest: {},
+   fileName: String
  },
  select: {
    id: true,
    fileName: true,
    fileType: true,
    filePath: true,
    fileSize: true,
    attachmentAbleId: true,
    attachmentAbleType: true
  }
}

Argument `fileName` is missing.
2025-09-30 09:19:29 [ERROR]: [ERROR] 
Invalid `prisma.attachment.create()` invocation:

{
  data: {
+   fileName: String
  },
  select: {
    id: true,
    fileName: true,
    fileType: true,
    filePath: true,
    fileSize: true,
    attachmentAbleId: true,
    attachmentAbleType: true
  }
}

Argument `fileName` is missing.
2025-09-30 09:19:52 [ERROR]: [ERROR] 
Invalid `prisma.attachment.create()` invocation:

{
  data: {
+   fileName: String
  },
  select: {
    id: true,
    fileName: true,
    fileType: true,
    filePath: true,
    fileSize: true,
    attachmentAbleId: true,
    attachmentAbleType: true
  }
}

Argument `fileName` is missing.
2025-09-30 09:22:37 [ERROR]: [ERROR] 
Invalid `prisma.attachment.create()` invocation:

{
  data: {
+   fileName: String
  },
  select: {
    id: true,
    fileName: true,
    fileType: true,
    filePath: true,
    fileSize: true,
    attachmentAbleId: true,
    attachmentAbleType: true
  }
}

Argument `fileName` is missing.
2025-09-30 09:26:10 [ERROR]: [ERROR] 
Invalid `prisma.attachment.create()` invocation:

{
  data: {
+   fileName: String
  },
  select: {
    id: true,
    fileName: true,
    fileType: true,
    filePath: true,
    fileSize: true,
    attachmentAbleId: true,
    attachmentAbleType: true
  }
}

Argument `fileName` is missing.
2025-09-30 09:32:44 [ERROR]: [ERROR] 
Invalid `prisma.attachment.create()` invocation:

{
  data: {
+   fileName: String
  },
  select: {
    id: true,
    fileName: true,
    fileType: true,
    filePath: true,
    fileSize: true,
    attachmentAbleId: true,
    attachmentAbleType: true
  }
}

Argument `fileName` is missing.
2025-09-30 13:08:41 [ERROR]: [ERROR] 
Invalid `prisma.products.findUnique()` invocation:

{
  where: {
    id: "1"
        ~~~
  },
  select: {
    id: true,
    name: true,
    description: true,
    price: true,
    stock: true,
    status: true,
    categoryId: true
  }
}

Argument `id`: Invalid value provided. Expected Int, provided String.
2025-10-01 05:09:46 [ERROR]: [ERROR] 
Invalid `prisma.licensesKey.create()` invocation:

{
  data: {
    id: null,
    encryptedKey: "b429ff8b493902d647992c4b01b71ff2:0b5aafa59cea0fd767601f174a56f465",
    keyHash: "00b75774ecce628804d79d82dc1eef07746311fbe523f796fecf5d5b7de2ef5a",
    plainText: "AAAA-SSSS-DDDD",
    activationLimit: "1",
    status: 1,
    soldAt: new Date("2025-09-30T22:09:46.484Z"),
+   product: {
+     create: ProductsCreateWithoutLicensesInput | ProductsUncheckedCreateWithoutLicensesInput,
+     connectOrCreate: ProductsCreateOrConnectWithoutLicensesInput,
+     connect: ProductsWhereUniqueInput
+   }
  },
  select: {
    id: true,
    encryptedKey: true,
    keyHash: true,
    plainText: true,
    activationLimit: true,
    status: true,
    soldAt: true
  }
}

Argument `product` is missing.
2025-10-01 05:11:11 [ERROR]: [ERROR] 
Invalid `prisma.licensesKey.create()` invocation:

{
  data: {
    id: null,
    encryptedKey: "33af8a4521e0151aafa8f66aa8908310:eac73f30fc3323bc4caf3dc65ba364e8",
    keyHash: "00b75774ecce628804d79d82dc1eef07746311fbe523f796fecf5d5b7de2ef5a",
    plainText: "AAAA-SSSS-DDDD",
    activationLimit: "1",
    status: 1,
    soldAt: new Date("2025-09-30T22:11:11.384Z"),
+   product: {
+     create: ProductsCreateWithoutLicensesInput | ProductsUncheckedCreateWithoutLicensesInput,
+     connectOrCreate: ProductsCreateOrConnectWithoutLicensesInput,
+     connect: ProductsWhereUniqueInput
+   }
  },
  select: {
    id: true,
    encryptedKey: true,
    keyHash: true,
    plainText: true,
    activationLimit: true,
    status: true,
    soldAt: true
  }
}

Argument `product` is missing.
2025-10-01 05:12:04 [ERROR]: [ERROR] 
Invalid `prisma.licensesKey.create()` invocation:

{
  data: {
    id: null,
    ~~
    encryptedKey: "5efa688589c81bcecbe7a96961285e54:e20aaac87d6515ac7bab8e90856cbaf4",
    keyHash: "00b75774ecce628804d79d82dc1eef07746311fbe523f796fecf5d5b7de2ef5a",
    plainText: "AAAA-SSSS-DDDD",
    activationLimit: "1",
    status: 1,
    soldAt: new Date("2025-09-30T22:12:04.784Z"),
    product: [],
?   createdAt?: DateTime,
?   updatedAt?: DateTime,
?   supplier?: supplierCreateNestedOneWithoutLicensesInput
  },
  select: {
    id: true,
    encryptedKey: true,
    keyHash: true,
    plainText: true,
    activationLimit: true,
    status: true,
    soldAt: true
  }
}

Unknown argument `id`. Available options are marked with ?.
2025-10-01 05:13:44 [ERROR]: [ERROR] 
Invalid `prisma.licensesKey.create()` invocation:

{
  data: {
    id: null,
    ~~
    encryptedKey: "1e65a9640f857410241ba15ff8ece7bc:ab409c4a99104b0845785d8ce97418a7",
    keyHash: "00b75774ecce628804d79d82dc1eef07746311fbe523f796fecf5d5b7de2ef5a",
    plainText: "AAAA-SSSS-DDDD",
    activationLimit: "1",
    status: 1,
    soldAt: new Date("2025-09-30T22:13:44.102Z"),
    product: [],
?   createdAt?: DateTime,
?   updatedAt?: DateTime,
?   supplier?: supplierCreateNestedOneWithoutLicensesInput
  },
  select: {
    id: true,
    encryptedKey: true,
    keyHash: true,
    plainText: true,
    activationLimit: true,
    status: true,
    soldAt: true
  }
}

Unknown argument `id`. Available options are marked with ?.
2025-10-01 05:14:26 [ERROR]: [ERROR] 
Invalid `prisma.licensesKey.create()` invocation:

{
  data: {
    id: undefined,
    encryptedKey: "b0da9818e39df1f3dbcc45e716ff92d0:b08a37c1767e263f0ccf6923bb6648b7",
    keyHash: "00b75774ecce628804d79d82dc1eef07746311fbe523f796fecf5d5b7de2ef5a",
    plainText: "AAAA-SSSS-DDDD",
    activationLimit: "1",
                     ~~~
    status: 1,
    soldAt: new Date("2025-09-30T22:14:26.521Z"),
    product: []
  },
  select: {
    id: true,
    encryptedKey: true,
    keyHash: true,
    plainText: true,
    activationLimit: true,
    status: true,
    soldAt: true
  }
}

Argument `activationLimit`: Invalid value provided. Expected Int, provided String.
2025-10-01 05:15:55 [ERROR]: [ERROR] 
Invalid `prisma.licensesKey.create()` invocation:

{
  data: {
    id: undefined,
    encryptedKey: "071a6354af514b4371468ce948f41b75:77fc115dc37651799efff9df8a802b39",
    keyHash: "00b75774ecce628804d79d82dc1eef07746311fbe523f796fecf5d5b7de2ef5a",
    plainText: "AAAA-SSSS-DDDD",
    activationLimit: "1",
                     ~~~
    status: 1,
    soldAt: new Date("2025-09-30T22:15:55.920Z"),
    product: []
  },
  select: {
    id: true,
    encryptedKey: true,
    keyHash: true,
    plainText: true,
    activationLimit: true,
    status: true,
    soldAt: true
  }
}

Argument `activationLimit`: Invalid value provided. Expected Int, provided String.
2025-10-01 05:17:16 [ERROR]: [ERROR] 
Invalid `prisma.licensesKey.create()` invocation:

{
  data: {
    id: undefined,
    encryptedKey: "306fdfa430a4b086b924d849ea21ad76:40f7ce58f9d6af9e8bf42f247576c348",
    keyHash: "00b75774ecce628804d79d82dc1eef07746311fbe523f796fecf5d5b7de2ef5a",
    plainText: "AAAA-SSSS-DDDD",
    status: 1,
    soldAt: new Date("2025-09-30T22:17:16.395Z"),
    product: [],
+   activationLimit: Int
  },
  select: {
    id: true,
    encryptedKey: true,
    keyHash: true,
    plainText: true,
    activationLimit: true,
    status: true,
    soldAt: true
  }
}

Argument `activationLimit` is missing.
2025-10-01 05:17:37 [ERROR]: [ERROR] 
Invalid `prisma.licensesKey.create()` invocation:

{
  data: {
    id: undefined,
    encryptedKey: "ab0fb6dfe3d269d95a7fef474b29b53b:52cf3c233d8c6691ca459698bed4d710",
    keyHash: "00b75774ecce628804d79d82dc1eef07746311fbe523f796fecf5d5b7de2ef5a",
    plainText: "AAAA-SSSS-DDDD",
    activationLimit: 1,
    status: 1,
    soldAt: new Date("2025-09-30T22:17:37.294Z"),
    product: []
             ~~
  },
  select: {
    id: true,
    encryptedKey: true,
    keyHash: true,
    plainText: true,
    activationLimit: true,
    status: true,
    soldAt: true
  }
}

Argument `product`: Invalid value provided. Expected ProductsCreateNestedOneWithoutLicensesInput, provided ().
2025-10-01 05:18:35 [ERROR]: [ERROR] 
Invalid `prisma.licensesKey.create()` invocation:

{
  data: {
    id: undefined,
    encryptedKey: "735d02efb5eb6ae453c7538c6da52616:08c007d9673e08bd91d83355dee8800b",
    keyHash: "00b75774ecce628804d79d82dc1eef07746311fbe523f796fecf5d5b7de2ef5a",
    plainText: "AAAA-SSSS-DDDD",
    activationLimit: 1,
    status: 1,
    soldAt: new Date("2025-09-30T22:18:35.500Z"),
    product: []
             ~~
  },
  select: {
    id: true,
    encryptedKey: true,
    keyHash: true,
    plainText: true,
    activationLimit: true,
    status: true,
    soldAt: true
  }
}

Argument `product`: Invalid value provided. Expected ProductsCreateNestedOneWithoutLicensesInput, provided ().
2025-10-01 05:19:09 [ERROR]: [ERROR] 
Invalid `prisma.licensesKey.create()` invocation:

{
  data: {
    id: undefined,
    encryptedKey: "0696df5662b386ee602a532f5c169856:c3bbb9e69fd3416af0ee11c557ee2e0c",
    keyHash: "00b75774ecce628804d79d82dc1eef07746311fbe523f796fecf5d5b7de2ef5a",
    plainText: "AAAA-SSSS-DDDD",
    activationLimit: 1,
    status: 1,
    soldAt: new Date("2025-09-30T22:19:09.112Z"),
    product: []
             ~~
  },
  select: {
    id: true,
    encryptedKey: true,
    keyHash: true,
    plainText: true,
    activationLimit: true,
    status: true,
    soldAt: true
  }
}

Argument `product`: Invalid value provided. Expected ProductsCreateNestedOneWithoutLicensesInput, provided ().
2025-10-01 05:19:28 [ERROR]: [ERROR] 
Invalid `prisma.licensesKey.create()` invocation:

{
  data: {
    id: undefined,
    encryptedKey: "b3791ab6e2baed31d2174796d5851059:855cc533e761972e045b2fa18b860f58",
    keyHash: "00b75774ecce628804d79d82dc1eef07746311fbe523f796fecf5d5b7de2ef5a",
    plainText: "AAAA-SSSS-DDDD",
    activationLimit: 1,
    status: 1,
    soldAt: new Date("2025-09-30T22:19:28.277Z"),
    product: []
             ~~
  },
  select: {
    id: true,
    encryptedKey: true,
    keyHash: true,
    plainText: true,
    activationLimit: true,
    status: true,
    soldAt: true
  }
}

Argument `product`: Invalid value provided. Expected ProductsCreateNestedOneWithoutLicensesInput, provided ().
2025-10-01 05:20:57 [ERROR]: [ERROR] 
Invalid `prisma.licensesKey.create()` invocation:

{
  data: {
    id: undefined,
    encryptedKey: "487d174e908ad7a8b49430a3c030ed0f:64049ad02bfc7166ec04bb77b597e07d",
    keyHash: "00b75774ecce628804d79d82dc1eef07746311fbe523f796fecf5d5b7de2ef5a",
    plainText: "AAAA-SSSS-DDDD",
    activationLimit: 1,
    status: 1,
    soldAt: new Date("2025-09-30T22:20:57.919Z"),
    product: []
             ~~
  },
  select: {
    id: true,
    encryptedKey: true,
    keyHash: true,
    plainText: true,
    activationLimit: true,
    status: true,
    soldAt: true,
    product: true
  }
}

Argument `product`: Invalid value provided. Expected ProductsCreateNestedOneWithoutLicensesInput, provided ().
2025-10-01 05:21:10 [ERROR]: [ERROR] 
Invalid `prisma.licensesKey.create()` invocation:

{
  data: {
    id: undefined,
    encryptedKey: "759bd95fee2160842000e811917878bd:a1a88f6aef757eabb3101a0e09087dea",
    keyHash: "00b75774ecce628804d79d82dc1eef07746311fbe523f796fecf5d5b7de2ef5a",
    plainText: "AAAA-SSSS-DDDD",
    activationLimit: 1,
    status: 1,
    soldAt: new Date("2025-09-30T22:21:10.055Z"),
    product: []
             ~~
  },
  select: {
    id: true,
    encryptedKey: true,
    keyHash: true,
    plainText: true,
    activationLimit: true,
    status: true,
    soldAt: true,
    productId: true
  }
}

Argument `product`: Invalid value provided. Expected ProductsCreateNestedOneWithoutLicensesInput, provided ().
2025-10-01 05:22:13 [ERROR]: [ERROR] 
Invalid `prisma.licensesKey.create()` invocation:

{
  data: {
    id: undefined,
    encryptedKey: "9abd5216b1b51f304bc2b06f3aa25cda:abc777a65100dcaffabc38b5f0382e91",
    keyHash: "00b75774ecce628804d79d82dc1eef07746311fbe523f796fecf5d5b7de2ef5a",
    plainText: "AAAA-SSSS-DDDD",
    activationLimit: 1,
    status: 1,
    soldAt: new Date("2025-09-30T22:22:13.062Z"),
    productId: "21"
               ~~~~
  },
  select: {
    id: true,
    encryptedKey: true,
    keyHash: true,
    plainText: true,
    activationLimit: true,
    status: true,
    soldAt: true,
    productId: true
  }
}

Argument `productId`: Invalid value provided. Expected Int, provided String.
2025-10-01 09:48:55 [ERROR]: [ERROR] 
Invalid `prisma.users.update()` invocation:


Unique constraint failed on the fields: (`email`)
2025-10-01 10:58:46 [ERROR]: [ERROR] 
Invalid `prisma.licensesKey.create()` invocation:

{
  data: {
    id: undefined,
    encryptedKey: "f470ab504d1041750c9b6e609f3367d6:2209d1288a11dd60fed68b0493826ea4617082f709cfcfb70323586cb48ea719",
    keyHash: "b509111e06d5336e75c77e1eefb5316cafe9c3c8e2708e5ca55f444a84d2c318",
    activationLimit: 1,
    status: 1,
    soldAt: new Date("2025-10-01T03:58:46.025Z"),
    plainText: "N278B-XYWJH-QCM3V-R82CW-CPRW6",
    ~~~~~~~~~
    productId: 1,
    supplierId: [],
?   createdAt?: DateTime,
?   updatedAt?: DateTime
  },
  select: {
    id: true,
    encryptedKey: true,
    keyHash: true,
    plainText: true,
    activationLimit: true,
    status: true,
    soldAt: true,
    productId: true
  }
}

Unknown argument `plainText`. Available options are marked with ?.
2025-10-01 12:12:44 [ERROR]: [ERROR] 
Invalid `prisma.licensesKey.create()` invocation:

{
  data: {
    id: undefined,
    encryptedKey: "ae82dd1cdcbd3e0891f108ef7d42567a:0c5692ba2fe36d25d433bec7f289c271901bbab79eeed8900a159c743ae747ba",
    activationLimit: "1",
    status: "1",
    soldAt: undefined,
    plainText: "N278B-XYWJH-QCM3V-R82CW-CPRW6",
    productId: [],
    supplierId: [],
+   keyHash: String
  },
  select: {
    id: true,
    encryptedKey: true,
    keyHash: true,
    plainText: true,
    activationLimit: true,
    status: true,
    soldAt: true,
    productId: true
  }
}

Argument `keyHash` is missing.
2025-10-01 12:15:28 [ERROR]: [ERROR] 
Invalid `prisma.licensesKey.create()` invocation:

{
  data: {
    id: undefined,
    encryptedKey: "e5ca78cdfac392ce55a50adad7496bd7:aaf8ddd02dd3f3207e7ed1e04556606e26acf520157fac13e14548c07216838e",
    keyHash: "b509111e06d5336e75c77e1eefb5316cafe9c3c8e2708e5ca55f444a84d2c318",
    activationLimit: "1",
                     ~~~
    status: "1",
    soldAt: undefined,
    plainText: "N278B-XYWJH-QCM3V-R82CW-CPRW6",
    productId: [],
    supplierId: []
  },
  select: {
    id: true,
    encryptedKey: true,
    keyHash: true,
    plainText: true,
    activationLimit: true,
    status: true,
    soldAt: true,
    productId: true
  }
}

Argument `activationLimit`: Invalid value provided. Expected Int, provided String.
2025-10-01 12:16:00 [ERROR]: [ERROR] 
Invalid `prisma.licensesKey.create()` invocation:

{
  data: {
    id: undefined,
    encryptedKey: "187067c7f1f8a415282e12b27b71294d:0f8b6557b87de0c79314aebbc998947db540efe7647ea7fdd93056d2b9d1ad80",
    keyHash: "b509111e06d5336e75c77e1eefb5316cafe9c3c8e2708e5ca55f444a84d2c318",
    activationLimit: 1,
    status: "1",
            ~~~
    soldAt: undefined,
    plainText: "N278B-XYWJH-QCM3V-R82CW-CPRW6",
    productId: [],
    supplierId: []
  },
  select: {
    id: true,
    encryptedKey: true,
    keyHash: true,
    plainText: true,
    activationLimit: true,
    status: true,
    soldAt: true,
    productId: true
  }
}

Argument `status`: Invalid value provided. Expected Int, provided String.
2025-10-01 12:16:13 [ERROR]: [ERROR] 
Invalid `prisma.licensesKey.create()` invocation:

{
  data: {
    id: undefined,
    encryptedKey: "f6787263ee68d9c2cf3c337306f58b38:b24bd49506a8e41f4b20cf958cf9882dc309e193062ff9260b8c633764465462",
    keyHash: "b509111e06d5336e75c77e1eefb5316cafe9c3c8e2708e5ca55f444a84d2c318",
    activationLimit: 1,
    status: 1,
    soldAt: undefined,
    plainText: "N278B-XYWJH-QCM3V-R82CW-CPRW6",
    ~~~~~~~~~
    productId: [],
    supplierId: [],
?   createdAt?: DateTime,
?   updatedAt?: DateTime
  },
  select: {
    id: true,
    encryptedKey: true,
    keyHash: true,
    plainText: true,
    activationLimit: true,
    status: true,
    soldAt: true,
    productId: true
  }
}

Unknown argument `plainText`. Available options are marked with ?.
2025-10-01 12:17:11 [ERROR]: [ERROR] 
Invalid `prisma.licensesKey.create()` invocation:

{
  data: {
    id: undefined,
    encryptedKey: "285edba30e6d2a5790bd6f278b66c2a3:c9cf18a41470d953d8d043ecfa7469a09f02369094a6c52585a3b076f6ea39ff",
    keyHash: "b509111e06d5336e75c77e1eefb5316cafe9c3c8e2708e5ca55f444a84d2c318",
    activationLimit: 1,
    status: 1,
    soldAt: undefined,
    plainText: "N278B-XYWJH-QCM3V-R82CW-CPRW6",
    ~~~~~~~~~
    productId: [],
    supplierId: [],
?   createdAt?: DateTime,
?   updatedAt?: DateTime
  },
  select: {
    id: true,
    encryptedKey: true,
    keyHash: true,
    activationLimit: true,
    status: true,
    soldAt: true,
    productId: true
  }
}

Unknown argument `plainText`. Available options are marked with ?.
2025-10-01 12:17:58 [ERROR]: [ERROR] 
Invalid `prisma.licensesKey.create()` invocation:

{
  data: {
    id: undefined,
    encryptedKey: "08bc6f568467f6623722ea4d78f66615:e27c1d6d80b47de3f1c617f3497d49dd0b2c59247ec1c55b25b32fdd009b6ffe",
    keyHash: "b509111e06d5336e75c77e1eefb5316cafe9c3c8e2708e5ca55f444a84d2c318",
    activationLimit: 1,
    status: 1,
    soldAt: undefined,
    plainText: "N278B-XYWJH-QCM3V-R82CW-CPRW6",
    ~~~~~~~~~
    productId: [],
    supplierId: [],
?   createdAt?: DateTime,
?   updatedAt?: DateTime
  },
  select: {
    id: true,
    encryptedKey: true,
    keyHash: true,
    activationLimit: true,
    status: true,
    soldAt: true,
    productId: true
  }
}

Unknown argument `plainText`. Available options are marked with ?.
2025-10-01 12:19:14 [ERROR]: [ERROR] 
Invalid `prisma.licensesKey.create()` invocation:

{
  data: {
    id: undefined,
    encryptedKey: "48792a736007e79b8badb7e73ca854fc:7dacd1d18a7ba578173407a82ea1f970ccb55f89c550615b133a8a30765b6535",
    keyHash: "b509111e06d5336e75c77e1eefb5316cafe9c3c8e2708e5ca55f444a84d2c318",
    activationLimit: 1,
    status: 1,
    soldAt: undefined,
    productId: [],
               ~~
    supplierId: []
  },
  select: {
    id: true,
    encryptedKey: true,
    keyHash: true,
    activationLimit: true,
    status: true,
    soldAt: true,
    productId: true
  }
}

Argument `productId`: Invalid value provided. Expected Int, provided ().
2025-10-01 12:22:02 [ERROR]: [ERROR] 
Invalid `prisma.licensesKey.create()` invocation:

{
  data: {
    id: undefined,
    encryptedKey: "a945619cac6940146e84be50f697fbcc:cb38f59ebab5bb0dd430ed54be8f3a1ff6c447f37e2fc319bc32137911a3403d",
    keyHash: "b509111e06d5336e75c77e1eefb5316cafe9c3c8e2708e5ca55f444a84d2c318",
    activationLimit: 1,
    status: 1,
    soldAt: undefined,
    productId: [],
               ~~
    supplierId: []
  },
  select: {
    id: true,
    encryptedKey: true,
    keyHash: true,
    activationLimit: true,
    status: true,
    soldAt: true,
    productId: true
  }
}

Argument `productId`: Invalid value provided. Expected Int, provided ().
2025-10-01 12:23:39 [ERROR]: [ERROR] 
Invalid `prisma.licensesKey.create()` invocation:

{
  data: {
    id: undefined,
    encryptedKey: "8f031a72874a8f98f97668d7efff09db:e2da4e6479c944a2ffd6122f8f1595335e79e46596210eac9a96e5b7002e64c3",
    keyHash: "b509111e06d5336e75c77e1eefb5316cafe9c3c8e2708e5ca55f444a84d2c318",
    activationLimit: 1,
    status: 1,
    soldAt: undefined,
    productId: null,
    supplierId: null,
+   product: {
+     create: ProductsCreateWithoutLicensesInput | ProductsUncheckedCreateWithoutLicensesInput,
+     connectOrCreate: ProductsCreateOrConnectWithoutLicensesInput,
+     connect: ProductsWhereUniqueInput
+   }
  },
  select: {
    id: true,
    encryptedKey: true,
    keyHash: true,
    activationLimit: true,
    status: true,
    soldAt: true,
    productId: true
  }
}

Argument `product` is missing.
2025-10-01 12:25:49 [ERROR]: [ERROR] 
Invalid `prisma.licensesKey.create()` invocation:

{
  data: {
    id: undefined,
    encryptedKey: "b1ce96617655deb43c7cac40384dc703:2c8b7b57603c5b2310674ce03681a64fb08e2a3603e8df3ec160103cb50c5e0a",
    keyHash: "b509111e06d5336e75c77e1eefb5316cafe9c3c8e2708e5ca55f444a84d2c318",
    activationLimit: 1,
    status: 1,
    soldAt: undefined,
    productId: null,
    supplierId: null,
+   product: {
+     create: ProductsCreateWithoutLicensesInput | ProductsUncheckedCreateWithoutLicensesInput,
+     connectOrCreate: ProductsCreateOrConnectWithoutLicensesInput,
+     connect: ProductsWhereUniqueInput
+   }
  },
  select: {
    id: true,
    encryptedKey: true,
    keyHash: true,
    activationLimit: true,
    status: true,
    soldAt: true,
    productId: true
  }
}

Argument `product` is missing.
2025-10-01 12:27:16 [ERROR]: [ERROR] 
Invalid `prisma.licensesKey.create()` invocation:

{
  data: {
    id: undefined,
    encryptedKey: "50701bcc37494e24d36c0d96a188fa5d:1043b3397bfedd51dd68253e8071567e2f660a9a3e5c814443c51cc49bd527d0",
    keyHash: "b509111e06d5336e75c77e1eefb5316cafe9c3c8e2708e5ca55f444a84d2c318",
    activationLimit: 1,
    status: 1,
    soldAt: undefined,
    productId: "1",
               ~~~
    supplierId: null
  },
  select: {
    id: true,
    encryptedKey: true,
    keyHash: true,
    activationLimit: true,
    status: true,
    soldAt: true,
    productId: true
  }
}

Argument `productId`: Invalid value provided. Expected Int, provided String.
2025-10-01 12:29:44 [ERROR]: [ERROR] 
Invalid `prisma.licensesKey.create()` invocation:

{
  data: {
    id: undefined,
    encryptedKey: "cfd440002bfaa06b0c334e5b75143a41:f51debd6f1ee47fdae0c803eeb0e99475d5189da3e60d4b2a0ad85ae9c5b2db1",
    keyHash: "b509111e06d5336e75c77e1eefb5316cafe9c3c8e2708e5ca55f444a84d2c318",
    activationLimit: 1,
    status: 1,
    soldAt: undefined,
    productId: 1,
    supplierId: []
                ~~
  },
  select: {
    id: true,
    encryptedKey: true,
    keyHash: true,
    activationLimit: true,
    status: true,
    soldAt: true,
    productId: true
  }
}

Argument `supplierId`: Invalid value provided. Expected Int or Null, provided ().
2025-10-01 12:30:35 [ERROR]: [ERROR] 
Invalid `prisma.licensesKey.create()` invocation:

{
  data: {
    id: undefined,
    encryptedKey: "dc9a285f01ee9f0d878c60c57f69b63d:55c05371bb0fc846404640fd3bc7a06dd0c0fbd06a0652ccb7a692e8b196ef22",
    keyHash: "b509111e06d5336e75c77e1eefb5316cafe9c3c8e2708e5ca55f444a84d2c318",
    activationLimit: 1,
    status: 1,
    soldAt: undefined,
    productId: 1,
    supplierId: []
                ~~
  },
  select: {
    id: true,
    encryptedKey: true,
    keyHash: true,
    activationLimit: true,
    status: true,
    soldAt: true,
    productId: true
  }
}

Argument `supplierId`: Invalid value provided. Expected Int or Null, provided ().
2025-10-01 12:31:43 [ERROR]: [ERROR] 
Invalid `prisma.licensesKey.create()` invocation:

{
  data: {
    id: undefined,
    encryptedKey: "8e91782b45169e91476feb9860e37202:778abafbb071d903ab2b29983288e6325c5f6ce306ac4f7038e17fb9e4c0e551",
    keyHash: "b509111e06d5336e75c77e1eefb5316cafe9c3c8e2708e5ca55f444a84d2c318",
    activationLimit: 1,
    status: 1,
    soldAt: undefined,
    productId: 1,
    ~~~~~~~~~
    supplierId: null,
    product: [],
?   createdAt?: DateTime,
?   updatedAt?: DateTime,
?   supplier?: supplierCreateNestedOneWithoutLicensesInput
  },
  select: {
    id: true,
    encryptedKey: true,
    keyHash: true,
    activationLimit: true,
    status: true,
    soldAt: true,
    productId: true
  }
}

Unknown argument `productId`. Did you mean `product`? Available options are marked with ?.
2025-10-01 12:35:10 [ERROR]: [ERROR] 
Invalid `prisma.licensesKey.create()` invocation:

{
  data: {
    id: undefined,
    encryptedKey: "ab6f957ee62e480b860773c6a050021f:d9f2a67dfde3d9ae809e208589092435b86e5c93f2b79e20dc2c8555e5d30120",
    keyHash: "b509111e06d5336e75c77e1eefb5316cafe9c3c8e2708e5ca55f444a84d2c318",
    activationLimit: 1,
    status: 1,
    soldAt: undefined,
    productId: 1,
    ~~~~~~~~~
    supplierId: null,
    product: [],
?   createdAt?: DateTime,
?   updatedAt?: DateTime,
?   supplier?: supplierCreateNestedOneWithoutLicensesInput
  },
  select: {
    id: true,
    encryptedKey: true,
    keyHash: true,
    activationLimit: true,
    status: true,
    soldAt: true,
    productId: true
  }
}

Unknown argument `productId`. Did you mean `product`? Available options are marked with ?.
2025-10-01 12:36:22 [ERROR]: [ERROR] 
Invalid `prisma.licensesKey.create()` invocation:

{
  data: {
    id: undefined,
    encryptedKey: "878392250d65e6f3a9d63cedbda50f10:8f3cbdb3676617a34bef7b49d99081af3800e6b6836409c0a533735bf364f5f0",
    keyHash: "b509111e06d5336e75c77e1eefb5316cafe9c3c8e2708e5ca55f444a84d2c318",
    activationLimit: 1,
    status: 1,
    soldAt: undefined,
    productId: 1,
    supplierId: null
  },
  select: {
    id: true,
    encryptedKey: true,
    keyHash: true,
    activationLimit: true,
    status: true,
    soldAt: true,
    productId: true,
    product: {
      id: true,
      ~~
      name: true
    }
  }
}

Unknown argument `id`.
2025-10-01 12:38:18 [ERROR]: [ERROR] 
Invalid `prisma.licensesKey.create()` invocation:

{
  data: {
    id: undefined,
    encryptedKey: "b1eb5fabbcb8d54d5cec85a7e0d62688:912d1c505a41d60266959a6f88aa4798488f37d66ac47cef34275491d6b1d223",
    keyHash: "b509111e06d5336e75c77e1eefb5316cafe9c3c8e2708e5ca55f444a84d2c318",
    activationLimit: 1,
    status: 1,
    soldAt: undefined,
    productId: 1,
    ~~~~~~~~~
    supplierId: null,
    product: [],
?   createdAt?: DateTime,
?   updatedAt?: DateTime,
?   supplier?: supplierCreateNestedOneWithoutLicensesInput
  },
  select: {
    id: true,
    encryptedKey: true,
    keyHash: true,
    activationLimit: true,
    status: true,
    soldAt: true,
    productId: true,
    product: {
      select: {
        id: true,
        name: true
      }
    }
  }
}

Unknown argument `productId`. Did you mean `product`? Available options are marked with ?.
2025-10-01 12:40:46 [ERROR]: [ERROR] 
Invalid `prisma.licensesKey.create()` invocation:

{
  data: {
    id: undefined,
    encryptedKey: "7d8292d3fcbb1aac19b029003cf78a44:cc87c50d6a253a26ce2df1d5e940719e80e855494302e3a7f89a2dc389097c91",
    keyHash: "b509111e06d5336e75c77e1eefb5316cafe9c3c8e2708e5ca55f444a84d2c318",
    activationLimit: 1,
    status: 1,
    soldAt: undefined,
    productId: 1,
    ~~~~~~~~~
    supplierId: null,
    product: [],
?   createdAt?: DateTime,
?   updatedAt?: DateTime,
?   supplier?: supplierCreateNestedOneWithoutLicensesInput
  },
  select: {
    id: true,
    encryptedKey: true,
    keyHash: true,
    activationLimit: true,
    status: true,
    soldAt: true,
    productId: true,
    product: {
      select: {
        id: true,
        name: true
      }
    }
  }
}

Unknown argument `productId`. Did you mean `product`? Available options are marked with ?.
2025-10-01 12:41:43 [ERROR]: [ERROR] 
Invalid `prisma.licensesKey.create()` invocation:

{
  data: {
    id: undefined,
    encryptedKey: "15b0bce4a8b6269d72ca43fd9724c164:3a338f31ca0a4e0e6f23c3678f5734fbc871a98e11b03e819c0733619bd2dac3",
    keyHash: "b509111e06d5336e75c77e1eefb5316cafe9c3c8e2708e5ca55f444a84d2c318",
    activationLimit: 1,
    status: 1,
    soldAt: undefined,
    productId: 1,
    ~~~~~~~~~
    supplierId: null,
    product: [],
?   createdAt?: DateTime,
?   updatedAt?: DateTime,
?   supplier?: supplierCreateNestedOneWithoutLicensesInput
  },
  select: {
    id: true,
    encryptedKey: true,
    keyHash: true,
    activationLimit: true,
    status: true,
    soldAt: true,
    productId: true,
    product: {
      select: {
        id: true,
        name: true
      }
    }
  }
}

Unknown argument `productId`. Did you mean `product`? Available options are marked with ?.
2025-10-01 12:43:02 [ERROR]: [ERROR] 
Invalid `prisma.licensesKey.create()` invocation:

{
  data: {
    id: undefined,
    encryptedKey: "2185568021410a1b9ac082ef39a02d39:6c33ef9b87aa0799759669d6dbdc1576e7f9f48e896334a2af3f414f29344f6e",
    keyHash: "b509111e06d5336e75c77e1eefb5316cafe9c3c8e2708e5ca55f444a84d2c318",
    activationLimit: 1,
    status: 1,
    soldAt: undefined,
    productId: 1,
    ~~~~~~~~~
    supplierId: null,
    product: [],
?   createdAt?: DateTime,
?   updatedAt?: DateTime,
?   supplier?: supplierCreateNestedOneWithoutLicensesInput
  },
  select: {
    id: true,
    encryptedKey: true,
    keyHash: true,
    activationLimit: true,
    status: true,
    soldAt: true,
    productId: true,
    product: {
      select: {
        id: true,
        name: true
      }
    }
  }
}

Unknown argument `productId`. Did you mean `product`? Available options are marked with ?.
2025-10-01 12:50:02 [ERROR]: [ERROR] 
Invalid `prisma.licensesKey.create()` invocation:

{
  data: {
    id: undefined,
    encryptedKey: "1d3ad9bab7e216b85a9b44cede04851f:70d3e7825c776baf4ecc2efcd14bee274f24d3f709fdc2d52a441858e709bdb8",
    keyHash: "b509111e06d5336e75c77e1eefb5316cafe9c3c8e2708e5ca55f444a84d2c318",
    activationLimit: 1,
    status: 1,
    soldAt: undefined,
    productId: 1,
    ~~~~~~~~~
    supplierId: null,
    product: {
      connect: {
        id: 1
      }
    },
?   createdAt?: DateTime,
?   updatedAt?: DateTime,
?   supplier?: supplierCreateNestedOneWithoutLicensesInput
  },
  select: {
    id: true,
    encryptedKey: true,
    keyHash: true,
    activationLimit: true,
    status: true,
    soldAt: true,
    productId: true,
    product: {
      select: {
        id: true,
        name: true
      }
    }
  }
}

Unknown argument `productId`. Did you mean `product`? Available options are marked with ?.
2025-10-01 12:51:12 [ERROR]: [ERROR] 
Invalid `prisma.licensesKey.create()` invocation:

{
  data: {
    id: undefined,
    encryptedKey: "5f0207a9a11f63ab1ade413067945bef:8840a601ed159a376540deef650967ee571f1c0c80cbea2b74227e6fb29c1cbe",
    keyHash: "b509111e06d5336e75c77e1eefb5316cafe9c3c8e2708e5ca55f444a84d2c318",
    activationLimit: 1,
    status: 1,
    soldAt: undefined,
    productId: 1,
    ~~~~~~~~~
    supplierId: null,
    product: {
      connect: {
        id: 1
      }
    },
?   createdAt?: DateTime,
?   updatedAt?: DateTime,
?   supplier?: supplierCreateNestedOneWithoutLicensesInput
  },
  select: {
    id: true,
    encryptedKey: true,
    keyHash: true,
    activationLimit: true,
    status: true,
    soldAt: true,
    productId: true,
    product: {
      select: {
        id: true,
        name: true
      }
    }
  }
}

Unknown argument `productId`. Did you mean `product`? Available options are marked with ?.
2025-10-01 12:51:28 [ERROR]: [ERROR] 
Invalid `prisma.licensesKey.create()` invocation:

{
  data: {
    id: undefined,
    encryptedKey: "ac27cde64ec29060db168288a6b3e959:ced2e4a3afc325cad91c95f042367224d32f13ae7fd0b8ec5767587d1fbb021c",
    keyHash: "b509111e06d5336e75c77e1eefb5316cafe9c3c8e2708e5ca55f444a84d2c318",
    activationLimit: 1,
    status: 1,
    soldAt: undefined,
    productId: 1,
    ~~~~~~~~~
    supplierId: null,
    product: {
      connect: {
        id: 1
      }
    },
?   createdAt?: DateTime,
?   updatedAt?: DateTime,
?   supplier?: supplierCreateNestedOneWithoutLicensesInput
  },
  select: {
    id: true,
    encryptedKey: true,
    keyHash: true,
    activationLimit: true,
    status: true,
    soldAt: true,
    productId: true,
    product: {
      select: {
        id: true,
        name: true
      }
    }
  }
}

Unknown argument `productId`. Did you mean `product`? Available options are marked with ?.
2025-10-01 12:53:40 [ERROR]: [ERROR] 
Invalid `prisma.licensesKey.create()` invocation:

{
  data: {
    id: undefined,
    encryptedKey: "10a8868bf89799db36a125c3e40a9466:b261d55bf9badddf41ae1ede54181ca88c01e1a07be01d4abf4c27f40ed29809",
    keyHash: "b509111e06d5336e75c77e1eefb5316cafe9c3c8e2708e5ca55f444a84d2c318",
    activationLimit: 1,
    status: 1,
    soldAt: undefined,
    productId: 1,
    ~~~~~~~~~
    supplierId: null,
    product: {
      connect: {
        id: 1
      }
    },
?   createdAt?: DateTime,
?   updatedAt?: DateTime,
?   supplier?: supplierCreateNestedOneWithoutLicensesInput
  },
  select: {
    id: true,
    encryptedKey: true,
    keyHash: true,
    activationLimit: true,
    status: true,
    soldAt: true,
    productId: true,
    product: {
      select: {
        id: true,
        name: true
      }
    }
  }
}

Unknown argument `productId`. Did you mean `product`? Available options are marked with ?.
2025-10-01 12:55:17 [ERROR]: [ERROR] 
Invalid `prisma.licensesKey.create()` invocation:

{
  data: {
    id: undefined,
    encryptedKey: "06ca1ee8d4be67d3281f14a2d01d8fe9:e9aeff54ed1c18f42134c2525569a7aee5a2faa37822fc6fb211a8558290d3d0",
    keyHash: "b509111e06d5336e75c77e1eefb5316cafe9c3c8e2708e5ca55f444a84d2c318",
    activationLimit: 1,
    status: 1,
    soldAt: undefined,
    productId: 1,
    ~~~~~~~~~
    supplierId: null,
    product: {
      connect: {
        id: 1
      }
    },
?   createdAt?: DateTime,
?   updatedAt?: DateTime,
?   supplier?: supplierCreateNestedOneWithoutLicensesInput
  },
  select: {
    id: true,
    encryptedKey: true,
    keyHash: true,
    activationLimit: true,
    status: true,
    soldAt: true,
    productId: true,
    product: {
      select: {
        id: true,
        name: true
      }
    }
  }
}

Unknown argument `productId`. Did you mean `product`? Available options are marked with ?.
2025-10-01 12:55:44 [ERROR]: [ERROR] 
Invalid `prisma.licensesKey.create()` invocation:

{
  data: {
    id: undefined,
    encryptedKey: "63b6ef5bec4e193703887167ea498575:b907c75b5cbe9b0517059cb78effbb99736e2538072c0786e9885eb5be687cf5",
    keyHash: "b509111e06d5336e75c77e1eefb5316cafe9c3c8e2708e5ca55f444a84d2c318",
    activationLimit: 1,
    status: 1,
    soldAt: undefined,
    productId: 1,
    ~~~~~~~~~
    product: {
      id: 1
    },
    supplierId: null,
?   createdAt?: DateTime,
?   updatedAt?: DateTime,
?   supplier?: supplierCreateNestedOneWithoutLicensesInput
  },
  select: {
    id: true,
    encryptedKey: true,
    keyHash: true,
    activationLimit: true,
    status: true,
    soldAt: true,
    productId: true,
    product: {
      select: {
        id: true,
        name: true
      }
    }
  }
}

Unknown argument `productId`. Did you mean `product`? Available options are marked with ?.
2025-10-01 16:03:57 [ERROR]: [ERROR] 
Invalid `prisma.licensesKey.findUnique()` invocation:

{
  where: {
    id: "1"
        ~~~
  },
  select: {
    id: true,
    encryptedKey: true,
    keyHash: true,
    activationLimit: true,
    status: true,
    soldAt: true,
    productId: true
  }
}

Argument `id`: Invalid value provided. Expected Int, provided String.
2025-10-01 16:04:47 [ERROR]: [ERROR] 
Invalid `prisma.licensesKey.findUnique()` invocation:

{
  where: {
    id: undefined,
?   AND?: LicensesKeyWhereInput | LicensesKeyWhereInput[],
?   OR?: LicensesKeyWhereInput[],
?   NOT?: LicensesKeyWhereInput | LicensesKeyWhereInput[],
?   encryptedKey?: StringFilter | String,
?   keyHash?: StringFilter | String,
?   activationLimit?: IntFilter | Int,
?   status?: IntFilter | Int,
?   soldAt?: DateTimeNullableFilter | DateTime | Null,
?   createdAt?: DateTimeFilter | DateTime,
?   updatedAt?: DateTimeFilter | DateTime,
?   productId?: IntFilter | Int,
?   supplierId?: IntNullableFilter | Int | Null,
?   product?: ProductsScalarRelationFilter | ProductsWhereInput,
?   supplier?: SupplierNullableScalarRelationFilter | supplierWhereInput | Null
  },
  select: {
    id: true,
    encryptedKey: true,
    keyHash: true,
    activationLimit: true,
    status: true,
    soldAt: true,
    productId: true
  }
}

Argument `where` of type LicensesKeyWhereUniqueInput needs at least one of `id` arguments. Available options are marked with ?.
